C:\Users\Diana Cubides Marin\Documents\NetBeansProjects\WebCafeBar\src\main\java\controller\MesaController.java
C:\Users\Diana Cubides Marin\Documents\NetBeansProjects\WebCafeBar\src\main\java\test\OperacionesBD.java
C:\Users\Diana Cubides Marin\Documents\NetBeansProjects\WebCafeBar\src\main\java\servlets\ServletUsuarioRestarDinero.java
C:\Users\Diana Cubides Marin\Documents\NetBeansProjects\WebCafeBar\src\main\java\controller\UsuarioController.java
C:\Users\Diana Cubides Marin\Documents\NetBeansProjects\WebCafeBar\src\main\java\controller\IMesaController.java
C:\Users\Diana Cubides Marin\Documents\NetBeansProjects\WebCafeBar\src\main\java\servlets\ServletUsuarioEliminar.java
C:\Users\Diana Cubides Marin\Documents\NetBeansProjects\WebCafeBar\src\main\java\servlets\ServletMesaListar.java
C:\Users\Diana Cubides Marin\Documents\NetBeansProjects\WebCafeBar\src\main\java\servlets\ServletMesaAlquilar.java
C:\Users\Diana Cubides Marin\Documents\NetBeansProjects\WebCafeBar\src\main\java\servlets\ServletUsuarioRegister.java
C:\Users\Diana Cubides Marin\Documents\NetBeansProjects\WebCafeBar\src\main\java\servlets\ServletUsuarioLogin.java
C:\Users\Diana Cubides Marin\Documents\NetBeansProjects\WebCafeBar\src\main\java\servlets\ServletUsuarioPedir.java
C:\Users\Diana Cubides Marin\Documents\NetBeansProjects\WebCafeBar\src\main\java\servlets\ServletAlquilerListar.java
C:\Users\Diana Cubides Marin\Documents\NetBeansProjects\WebCafeBar\src\main\java\controller\AlquilerController.java
C:\Users\Diana Cubides Marin\Documents\NetBeansProjects\WebCafeBar\src\main\java\connection\DBConnection.java
C:\Users\Diana Cubides Marin\Documents\NetBeansProjects\WebCafeBar\src\main\java\beans\Alquiler.java
C:\Users\Diana Cubides Marin\Documents\NetBeansProjects\WebCafeBar\src\main\java\controller\IUsuarioController.java
C:\Users\Diana Cubides Marin\Documents\NetBeansProjects\WebCafeBar\src\main\java\beans\Mesa.java
C:\Users\Diana Cubides Marin\Documents\NetBeansProjects\WebCafeBar\src\main\java\servlets\ServletUsuarioModificar.java
C:\Users\Diana Cubides Marin\Documents\NetBeansProjects\WebCafeBar\src\main\java\controller\IAlquilerController.java
C:\Users\Diana Cubides Marin\Documents\NetBeansProjects\WebCafeBar\src\main\java\beans\Usuario.java
C:\Users\Diana Cubides Marin\Documents\NetBeansProjects\WebCafeBar\src\main\java\servlets\PruebaServlet.java
C:\Users\Diana Cubides Marin\Documents\NetBeansProjects\WebCafeBar\src\main\java\servlets\ServletMesaDevolver.java
